Feature: Login And Register Page

  [36m@feat[39m
  Scenario: Recorded scenario
(node:24160) [DEP0169] DeprecationWarning: `url.parse()` behavior is not standardized and prone to errors that have security implications. Use the WHATWG URL API instead. CVEs are not issued for `url.parse()` vulnerabilities.
(Use `node --trace-deprecation ...` to show where the warning was created)
  [32m√ When I am online at "https://customerapp-neon.vercel.app"[39m
  [32m√ And I click on the "ACCOUNT" button[39m
  [32m√ And I wait for ajax to complete[39m
  [32m√ And I click on the "SIGN IN" button[39m
  [32m√ And I wait for ajax to complete[39m
  [32m√ And I click on the "DISCOVER" button[39m
  [32m√ And I click on card that contains text "Hearth Grill & Smokehouse"[39m
  [32m√ And I click on card that contains text "Aged Beef Double Smash Burger"[39m
  [32m√ Given I was for ajax to complete[39m
  [32m√ And I click on card that contains text "ADD TO CART"[39m
  [32m√ Given I was for ajax to complete[39m
  [32m√ And I click on card that contains text "VIEW CART"[39m
  [32m√ And I click on card that contains text "SIGN IN & CHECKOUT"[39m
  [32m√ Then I should see the "Delivery Address Required" message[39m

1 scenario ([32m1 passed[39m)
14 steps ([32m14 passed[39m)
0m07.199s
Cucumber HTML report C:\Users\karabomo\Downloads\workspace-01a0243d-a260-7624-8384-d96bfe5da2df\puppeteer-cucumber-tester-dashboard\features\reports\-cucumber-report.html generated successfully.
